

> @innerfire/auth-center-react@0.1.2 build /Users/jsonlee/Projects/fire/genaiw-demo/packages/account-center
> tsdown

[34mℹ[39m tsdown [2mv0.15.12[22m powered by rolldown [2mv1.0.0-beta.45[22m
[34mℹ[39m Using tsdown config: [4m/Users/jsonlee/Projects/fire/genaiw-demo/packages/account-center/tsdown.config.ts[24m
[34mℹ[39m entry: [34msrc/index.tsx, src/adapters/index.ts, src/hooks/index.ts, src/utils/index.ts, src/gateway-profile.ts, src/types.ts, src/spa/index.ts[39m
[34mℹ[39m target: [34mes2020[39m
[34mℹ[39m tsconfig: [34mtsconfig.json[39m
[34mℹ[39m Build start
[34mℹ[39m Cleaning 33 files
[34mℹ[39m [2mdist/[22m[1mindex.js[22m                         [2m40.62 kB[22m [2m│ gzip: 10.41 kB[22m
[34mℹ[39m [2mdist/[22m[1mhooks.js[22m                         [2m 0.57 kB[22m [2m│ gzip:  0.29 kB[22m
[34mℹ[39m [2mdist/[22m[1mspa.js[22m                           [2m 0.47 kB[22m [2m│ gzip:  0.22 kB[22m
[34mℹ[39m [2mdist/[22m[1madapters.js[22m                      [2m 0.46 kB[22m [2m│ gzip:  0.21 kB[22m
[34mℹ[39m [2mdist/[22m[1mutils.js[22m                         [2m 0.34 kB[22m [2m│ gzip:  0.20 kB[22m
[34mℹ[39m [2mdist/[22m[1mgateway-profile.js[22m               [2m 0.21 kB[22m [2m│ gzip:  0.12 kB[22m
[34mℹ[39m [2mdist/[22m[1mtypes.js[22m                         [2m 0.00 kB[22m [2m│ gzip:  0.02 kB[22m
[34mℹ[39m [2mdist/[22mindex.js.map                     [2m60.53 kB[22m [2m│ gzip: 15.51 kB[22m
[34mℹ[39m [2mdist/[22mspa-Dz2OhLwA.js.map              [2m52.45 kB[22m [2m│ gzip: 13.49 kB[22m
[34mℹ[39m [2mdist/[22mspa-Dz2OhLwA.js                  [2m27.75 kB[22m [2m│ gzip:  7.32 kB[22m
[34mℹ[39m [2mdist/[22madapters-CHzN6_o9.js.map         [2m27.67 kB[22m [2m│ gzip:  7.65 kB[22m
[34mℹ[39m [2mdist/[22mhooks-CFFuHxHH.js.map            [2m14.73 kB[22m [2m│ gzip:  4.36 kB[22m
[34mℹ[39m [2mdist/[22madapters-CHzN6_o9.js             [2m10.56 kB[22m [2m│ gzip:  2.96 kB[22m
[34mℹ[39m [2mdist/[22mgateway-profile-DwyoIRxY.js.map  [2m 8.02 kB[22m [2m│ gzip:  2.51 kB[22m
[34mℹ[39m [2mdist/[22mhooks-CFFuHxHH.js                [2m 7.07 kB[22m [2m│ gzip:  2.28 kB[22m
[34mℹ[39m [2mdist/[22merror-DD3Y3R35.js.map            [2m 4.97 kB[22m [2m│ gzip:  1.92 kB[22m
[34mℹ[39m [2mdist/[22mutils-B_hsVTc8.js.map            [2m 4.46 kB[22m [2m│ gzip:  2.12 kB[22m
[34mℹ[39m [2mdist/[22mgateway-profile-DwyoIRxY.js      [2m 3.30 kB[22m [2m│ gzip:  1.32 kB[22m
[34mℹ[39m [2mdist/[22mutils-B_hsVTc8.js                [2m 2.88 kB[22m [2m│ gzip:  1.52 kB[22m
[34mℹ[39m [2mdist/[22merror-DD3Y3R35.js                [2m 1.81 kB[22m [2m│ gzip:  0.89 kB[22m
[34mℹ[39m [2mdist/[22m[32m[1mindex.d.ts[22m[39m                       [2m 2.65 kB[22m [2m│ gzip:  0.72 kB[22m
[34mℹ[39m [2mdist/[22m[32m[1mspa.d.ts[22m[39m                         [2m 0.86 kB[22m [2m│ gzip:  0.28 kB[22m
[34mℹ[39m [2mdist/[22m[32m[1mhooks.d.ts[22m[39m                       [2m 0.68 kB[22m [2m│ gzip:  0.32 kB[22m
[34mℹ[39m [2mdist/[22m[32m[1madapters.d.ts[22m[39m                    [2m 0.59 kB[22m [2m│ gzip:  0.22 kB[22m
[34mℹ[39m [2mdist/[22m[32m[1mtypes.d.ts[22m[39m                       [2m 0.48 kB[22m [2m│ gzip:  0.22 kB[22m
[34mℹ[39m [2mdist/[22m[32m[1mutils.d.ts[22m[39m                       [2m 0.34 kB[22m [2m│ gzip:  0.20 kB[22m
[34mℹ[39m [2mdist/[22m[32m[1mgateway-profile.d.ts[22m[39m             [2m 0.30 kB[22m [2m│ gzip:  0.14 kB[22m
[34mℹ[39m [2mdist/[22m[32mtypes-DN5cBx0E.d.ts[39m              [2m 5.77 kB[22m [2m│ gzip:  2.26 kB[22m
[34mℹ[39m [2mdist/[22m[32mindex-CqBastWS.d.ts[39m              [2m 4.82 kB[22m [2m│ gzip:  1.80 kB[22m
[34mℹ[39m [2mdist/[22m[32mindex-VfJKQdSB.d.ts[39m              [2m 4.16 kB[22m [2m│ gzip:  1.41 kB[22m
[34mℹ[39m [2mdist/[22m[32mindex-Bfhp5RF5.d.ts[39m              [2m 4.08 kB[22m [2m│ gzip:  1.47 kB[22m
[34mℹ[39m [2mdist/[22m[32mgateway-profile-CRl_h4Ya.d.ts[39m    [2m 3.37 kB[22m [2m│ gzip:  1.28 kB[22m
[34mℹ[39m [2mdist/[22m[32mindex-XmvEC-rC.d.ts[39m              [2m 1.45 kB[22m [2m│ gzip:  0.78 kB[22m
[34mℹ[39m 33 files, total: 298.40 kB
[32m✔[39m Build complete in [32m11775ms[39m
